[discord.com/index.html]
[backblue.gif]
[fade.gif]
[index.html]
[cdn.prod.website-files.com/6257adef93867e50d84d30e2/css/discord-2022.c9d9dd4db.min.css]
[ajax.googleapis.com/ajax/libs/webfont/1.6.26/webfont.js]
[cdn.prod.website-files.com/6257adef93867e50d84d30e2/62fddf0fde45a8baedcc7ee5_847541504914fd33810e70a0ea73177e (2)-1.png]
[ajax.googleapis.com/ajax/libs/jquery/3.6.0/jquery.min.js]
[global.localizecdn.com/localize.js]
[discord.com/webflow-scripts/head.js]
[cdn.prod.website-files.com/6257adef93867e50d84d30e2/62cb46f39e6ac4c46ce39566_ru.png]
[cdn.prod.website-files.com/6257adef93867e50d84d30e2/6257c2a1e7544e303083b2b1_bolg.png]
[cdn.prod.website-files.com/6257adef93867e50d84d30e2/62cb46f1254305732a01676d_cs.png]
[cdn.prod.website-files.com/6257adef93867e50d84d30e2/62cb46f16128094022db6768_da.png]
[cdn.prod.website-files.com/6257adef93867e50d84d30e2/62cb46f1c50496ce73c40d99_de.png]
[cdn.prod.website-files.com/6257adef93867e50d84d30e2/62cb46f17c26b5fe5a53876f_el.png]
[cdn.prod.website-files.com/6257adef93867e50d84d30e2/6257bf8b5ba300233705a542_en.png]
[cdn.prod.website-files.com/6257adef93867e50d84d30e2/62cb46f14edab1b0029593fc_es-ES.png]
[cdn.prod.website-files.com/6257adef93867e50d84d30e2/62cb46f1921c0cf82fc59da7_fi.png]
[cdn.prod.website-files.com/6257adef93867e50d84d30e2/62cb46f1544a7ab7c66e9ccb_fr.png]
[cdn.prod.website-files.com/6257adef93867e50d84d30e2/62cb46f13fcb6e76c05b504e_hi.png]
[cdn.prod.website-files.com/6257adef93867e50d84d30e2/62cb46f1aeebe9064763c90c_hr.png]
[cdn.prod.website-files.com/6257adef93867e50d84d30e2/62cb46f19e6ac41dcce39561_hu.png]
[cdn.prod.website-files.com/6257adef93867e50d84d30e2/62cb46f1bd099a25f8f77ea4_it.png]
[cdn.prod.website-files.com/6257adef93867e50d84d30e2/62cb46f1e819841940bec47d_ja.png]
[cdn.prod.website-files.com/6257adef93867e50d84d30e2/62cb46f125430509b9016776_ko.png]
[cdn.prod.website-files.com/6257adef93867e50d84d30e2/62cb46f14edab152b8959405_lt.png]
[cdn.prod.website-files.com/6257adef93867e50d84d30e2/62cb46f3e00ff80959abff2a_nl.png]
[cdn.prod.website-files.com/6257adef93867e50d84d30e2/62cb46f37c26b5e22453877d_no.png]
[cdn.prod.website-files.com/6257adef93867e50d84d30e2/62cb46f3c504963019c40db7_pl.png]
[cdn.prod.website-files.com/6257adef93867e50d84d30e2/62cb46f3d809bc2503e62bec_pt-BR.png]
[cdn.prod.website-files.com/6257adef93867e50d84d30e2/62cb46f36e94d725ce411ab6_ro.png]
[cdn.prod.website-files.com/6257adef93867e50d84d30e2/62cb46f49e6ac47674e39567_sv-SE.png]
[cdn.prod.website-files.com/6257adef93867e50d84d30e2/62cb46f465c529bf26e211a1_th.png]
[cdn.prod.website-files.com/6257adef93867e50d84d30e2/62cb46f4e819848178bec4d1_tr.png]
[cdn.prod.website-files.com/6257adef93867e50d84d30e2/62cb46f37c26b54f6a53877f_uk.png]
[cdn.prod.website-files.com/6257adef93867e50d84d30e2/62cb46f4e819840d89bec4d2_vi.png]
[cdn.prod.website-files.com/6257adef93867e50d84d30e2/62cb46f49e6ac45f35e39568_zh-CN.png]
[cdn.prod.website-files.com/6257adef93867e50d84d30e2/62cb46f33fcb6ea5c95b5069_zh-TW.png]
[discord.com/download.html]
[discord.com/nitro.html]
[discord.com/servers.html]
[discord.com/safety.html]
[discord.com/blog.html]
[discord.com/careers.html]
[discord.com/safety/360043857751-four-steps-to-a-super-safe-account.html]
[discord.com/safety/360043653152-four-steps-to-a-super-safe-server.html]
[discord.com/safety/360044103531-role-of-administrators-and-moderators-on-discord.html]
[discord.com/safety/360044103651-reporting-abusive-behavior-to-discord.html]
[discord.com/safety/360044103771-mental-health-on-discord.html]
[discord.com/safety/360043653552-age-restricted-content-on-discord.html]
[discord.com/safety/360044104071-tips-against-spam-and-hacking.html]
[discord.com/safety/360044149331-what-is-discord.html]
[discord.com/safety/360043700632-discords-commitment-to-a-safe-and-trusted-experience.html]
[discord.com/safety/360044153831-helping-your-teen-stay-safe-on-discord.html]
[discord.com/safety/360044154611-talking-about-online-safety-with-your-teen.html]
[discord.com/safety/360044149591-answering-parents-and-educators-top-questions.html]
[discord.com/safety/360044154771-if-your-teen-encounters-an-issue.html]
[discord.com/safety/360057166133-working-with-caru-to-protect-users-on-discord.html]
[discord.com/safety/360043709612-our-policies.html]
[discord.com/safety/360043712132-how-we-investigate.html]
[discord.com/safety/360044159011-what-actions-we-take.html]
[discord.com/safety/360043712172-how-you-can-appeal-our-actions.html]
[discord.com/safety/360043712232-discords-transparency-report.html]
[discord.com/safety/360044157931-working-with-law-enforcement.html]
[discord.com/safety-library.html]
[discord.com/community-moderation-safety.html]
[discord.com/community/basic-channel-setup.html]
[discord.com/community/moderator-etiquette-for-your-discord-server.html]
[discord.com/community/your-responsibilities-as-a-discord-moderator-discord.html]
[discord.com/community/permissions-on-discord-discord.html]
[discord.com/community/handling-difficult-scenarios-as-an-admin-discord.html]
[discord.com/community/developing-server-rules.html]
[discord.com/community/ban-appeals.html]
[discord.com/community/utilizing-role-colors.html]
[discord.com/community/best-practices-for-reporting-tools.html]
[discord.com/community/server-information-and-announcement-channels.html]
[discord.com/community/channel-categories-and-names.html]
[discord.com/community/moderator-recruitment.html]
[discord.com/safety/creating-moderation-team-channels.html]
[discord.com/safety/fundamentals-of-family-friendly-servers.html]
[discord.com/safety/securing-your-discord-account.html]
[discord.com/moderation/1500000177981-301-implementing-verification-gates]
[discord.com/safety/developing-moderator-guidelines-copy]
[discord.com/safety/facilitating-positive-environments.html]
[discord.com/community/moderating-safely-and-securely-discord.html]
[discord.com/safety/managing-moderation-teams.html]
[discord.com/safety/understanding-and-avoiding-moderator-burnout.html]
[discord.com/safety/internal-conflict-resolution.html]
[discord.com/community/how-to-moderate-voice-channels-discord.html]
[discord.com/safety/training-and-onboarding-new-moderators.html]
[discord.com/safety/auto-moderation-in-discord.html]
[discord.com/safety/using-webhooks-and-embeds.html]
[discord.com/safety/using-xp-systems.html]
[discord.com/safety/using-modmail-bots.html]
[discord.com/community/community-engagement.html]
[discord.com/community/fostering-healthy-communities-discord.html]
[discord.com/community/Planning-Community-Events.html]
[discord.com/community/understanding-community-partnerships.html]
[discord.com/community/Understanding-Your-Community-Through-Insights.html]
[discord.com/safety/best-practices-for-moderating-content-creation.html]
[discord.com/safety/transparency-in-moderation.html]
[discord.com/safety/confidentiality-in-moderation.html]
[discord.com/community/moderating-sensitive-topics-discord.html]
[discord.com/safety/considering-mental-health-in-your-community.html]
[discord.com/safety/practicalities-of-moderating-adult-channels]
[discord.com/community/managing-exponential-membership-growth-in-your-server-discord.html]
[discord.com/community/ethical-community-growth.html]
[discord.com/community/internationalization-of-a-community.html]
[discord.com/community/community-governance-structures.html]
[discord.com/community/using-insights-to-improve-community-growth-engagement.html]
[discord.com/safety/ban-evasion-and-advanced-harassment.html]
[discord.com/safety/managing-interpersonal-relationships.html]
[discord.com/safety/reddit-x-discord.html]
[discord.com/safety/twitch-x-discord.html]
[discord.com/safety/patreon-x-discord.html]
[discord.com/safety/schools-x-discord.html]
[discord.com/community/bringing-other-communities-to-discord.html]
[discord.com/safety/parasocial-relationships.html]
[discord.com/safety/the-application-of-metaphors-in-moderation.html]
[discord.com/app.html]
[discord.com/login.html]
[cdn.prod.website-files.com/6257adef93867e50d84d30e2/6620ec7544fa3849c3cb27fc_party_wumpus.gif]
[discord.com/_https_/cdn.prod.website-files.com/6257adef93867e50d84d30e2/663b271d6f05c8c9e11f8d65_Discord Refresh Sound-MP4-poster-00001.jpg_]
[discord.com/_https_/cdn.prod.website-files.com/6257adef93867e50d84d30e2/665434315cbc60da2d4c9684_Discord_Website_Refresh_Same Room_EN_V2-poster-00001.jpg_]
[discord.com/_https_/cdn.prod.website-files.com/6257adef93867e50d84d30e2/6638c6b04eff56a99c1e2d7d_Discord_Website_Refresh_Hop-In-poster-00001.jpg_]
[discord.com/_https_/cdn.prod.website-files.com/6257adef93867e50d84d30e2/6638c7e8907412911166f683_Discord_Website_Refresh_See Who_s Around-poster-00001.jpg_]
[discord.com/_https_/cdn.prod.website-files.com/6257adef93867e50d84d30e2/66446078b3e738a7c1f85e35_Discord_Website_Refresh_Activities_03-poster-00001.jpg_]
[discord.com/_https_/cdn.prod.website-files.com/6257adef93867e50d84d30e2/6638c8e7cb756886cd8d61af_Discord_Website_Refresh_Platforms-poster-00001.jpg_]
[cdn.prod.website-files.com/6257adef93867e50d84d30e2/664754815450cb39bca27b05_Smoke.gif]
[discord.com/application-directory.html]
[discord.com/mobile.html]
[discord.com/company.html]
[discord.com/branding.html]
[discord.com/newsroom.html]
[discord.com/college.html]
[discord.com/streamkit.html]
[discord.com/creators.html]
[discord.com/community.html]
[discord.com/build.html]
[discord.com/gaming.html]
[discord.com/quests.html]
[discord.com/terms.html]
[discord.com/privacy.html]
[discord.com/guidelines.html]
[discord.com/acknowledgements.html]
[discord.com/licenses.html]
[discord.com/company-information.html]
[d3e54v103j8qbb.cloudfront.net/js/jquery-3.5.1.min.dc5e7f18c806ab.js]
[cdn.prod.website-files.com/6257adef93867e50d84d30e2/js/discord-2022.49e5ad192.js]
[discord.com/webflow-scripts/bodyEnd.js]
[discord.com/w/loader/loader.js]
[discord.com/assets/oneTrust/v4/scripttemplates/otSDKStub.js]
[discord.com/webflow-scripts/landing.js]
[discord.com/webflow-scripts/newHomepage.js]
[discord.com/index.html]
[cdn.prod.website-files.com/6257adef93867e50d84d30e2/css/discord-2022.c9d9dd4db.min.css]
[discord.com/cdn-cgi/challenge-platform/h/g/scripts/jsd/d2a97f6b6ec9/maind41d.js]
[cdn.prod.website-files.com/6257adef93867e50d84d30e2/625eb604bb8605784489d361_Discord-Logo+Wordmark-Color (1).png]
[discord.com/download.html]
[discord.com/webflow-scripts/download.js]
[discord.com/assets/ff96c6cc388e99cdcdd33e996ba9f893.webm]
[discord.com/assets/ea9c212be22f2c6273098553d0a3897b.mp4]
[discord.com/settings/premium.html]
[discord.com/nitro.html]
[discord.com/assets/favicon.ico]
[discord.com/assets/532.43dc16e8a8ce34463400.css]
[discord.com/assets/d3b595e818be59546978adabf806c24c.svg]
[discord.com/assets/34851e67d503c8bb6fbec4ffad5a12fa.svg]
[discord.com/assets/8bbdfca92495f8c3870b04fca1e98039.svg]
[discord.com/servers/midjourney-662267976984297473.html]
[discord.com/servers/viggle-1181076253172842537.html]
[discord.com/servers/limewire-create-ai-images-audio-video-1046979304547954728.html]
[discord.com/servers/leonardo-ai-989166677390426132.html]
[discord.com/servers/genshin-impact-official-522681957373575168.html]
[discord.com/servers/blox-fruits-586704051148816385.html]
[discord.com/servers/nova-987243305773445160.html]
[discord.com/servers/all-star-710745950380884009.html]
[discord.com/servers/valorant-679875946597056683.html]
[discord.com/servers/roblox-150074202727251969.html]
[discord.com/servers/fusionist-926691694680870982.html]
[discord.com/servers/mika-paradise-social-gaming-chill-active-anime-vc-727649662475173962.html]
[discord.com/servers/geometry-dash-398627612299362304.html]
[discord.com/servers/helldivers-tm-official-discord-1102970375731691612.html]
[discord.com/servers/lofi-girl-707230275175841915.html]
[discord.com/servers/king-legacy-658675654799130624.html]
[discord.com/servers/whiteout-survival-973157270554804264.html]
[discord.com/servers/rell-games-562762757905186828.html]
[discord.com/servers/stumble-guys-763643320638898186.html]
[discord.com/servers/valorant-lfg-828370043867496531.html]
[discord.com/servers/no-hesi-964645662866173972.html]
[discord.com/servers/apex-legends-541484311354933258.html]
[discord.com/servers/belugang-846496831533088768.html]
[discord.com/servers/emoji-gg-discord-emojis-servers-bots-nitro-emotes-321845546534830085.html]
[discord.com/assets/46b2132c01604c9493d558de444929f4.svg]
[discord.com/register.html]
[discord.com/assets/f531ea5a3a719ed1bb1d.js]
[discord.com/assets/9646df755c678f3d3c4d.js]
[discord.com/servers.html]
[discord.com/assets/e7b2f5ef7eed2387c9f5.js]
[discord.com/safety-privacy.html]
[discord.com/safety-parents.html]
[discord.com/safety-transparency.html]
[discord.com/safety-news.html]
[discord.com/safety-policies.html]
[cdn.prod.website-files.com/6257adef93867e50d84d30e2/651e6969b979a71315634585_Cloud-left.png]
[cdn.prod.website-files.com/6257adef93867e50d84d30e2/651e69353db8bbacc1ce8265_Cloud.png]
[discord.com/safety.html]
[discord.com/safety-teen-charter.html]
[assets-global.website-files.com/5f8dd67f8fdd6f51f0b50904/css/discordpages.8d49ab694.css]
[assets-global.website-files.com/5f8dd67f8fdd6f51f0b50904/60ae916347747e71167e21cc_favicon.png]
[assets-global.website-files.com/5f8dd67f8fdd6f51f0b50904/5f91fae62cc821206588b837_Frame 246.png]
[assets-global.website-files.com/5f8dd67f8fdd6f51f0b50904/6321cb4da57001e8f59b8a77_62cb46f39e6ac4c46ce39566_ru.png]
[assets-global.website-files.com/5f8dd67f8fdd6f51f0b50904/6321cdbc0dc0fb5f55e3098f_6257c2a1e7544e303083b2b1_bolg.png]
[assets-global.website-files.com/5f8dd67f8fdd6f51f0b50904/6321cb4c83827a1284afe239_62cb46f1254305732a01676d_cs.png]
[assets-global.website-files.com/5f8dd67f8fdd6f51f0b50904/6321cb4ad6ee377e0df4cde6_62cb46f16128094022db6768_da.png]
[assets-global.website-files.com/5f8dd67f8fdd6f51f0b50904/6321cb4aa35fe71fedf5e95f_62cb46f1c50496ce73c40d99_de.png]
[assets-global.website-files.com/5f8dd67f8fdd6f51f0b50904/6321cb4ca5700115ec9b8a67_62cb46f17c26b5fe5a53876f_el.png]
[assets-global.website-files.com/5f8dd67f8fdd6f51f0b50904/6321cdbc488f5f603e7ecd2a_6257bf8b5ba300233705a542_en.png]
[assets-global.website-files.com/5f8dd67f8fdd6f51f0b50904/6321cb4b7670687b935aaed4_62cb46f14edab1b0029593fc_es-ES.png]
[assets-global.website-files.com/5f8dd67f8fdd6f51f0b50904/6321cb48951dec0cce94a2b1_62cb46f1921c0cf82fc59da7_fi.png]
[assets-global.website-files.com/5f8dd67f8fdd6f51f0b50904/6321cb4a01339d451d474860_62cb46f1544a7ab7c66e9ccb_fr.png]
[assets-global.website-files.com/5f8dd67f8fdd6f51f0b50904/6321cb47b3070262fdccd2a6_62cb46f13fcb6e76c05b504e_hi.png]
[assets-global.website-files.com/5f8dd67f8fdd6f51f0b50904/6321cb4764813ee14c33c45f_62cb46f1aeebe9064763c90c_hr.png]
[assets-global.website-files.com/5f8dd67f8fdd6f51f0b50904/6321cb486b18c7334c564b9a_62cb46f19e6ac41dcce39561_hu.png]
[assets-global.website-files.com/5f8dd67f8fdd6f51f0b50904/6321cb47fcf6b11ce186dd29_62cb46f1bd099a25f8f77ea4_it.png]
[assets-global.website-files.com/5f8dd67f8fdd6f51f0b50904/6321cb49fa4234bc13a595aa_62cb46f1e819841940bec47d_ja.png]
[assets-global.website-files.com/5f8dd67f8fdd6f51f0b50904/6321cb4b6b18c7266d564ba3_62cb46f125430509b9016776_ko.png]
[assets-global.website-files.com/5f8dd67f8fdd6f51f0b50904/6321cb4bc5fa8c17a80ae4c4_62cb46f14edab152b8959405_lt.png]
[assets-global.website-files.com/5f8dd67f8fdd6f51f0b50904/6321cb4d6b18c71a53564bac_62cb46f3e00ff80959abff2a_nl.png]
[assets-global.website-files.com/5f8dd67f8fdd6f51f0b50904/6321cb4d29670fb8a9998a06_62cb46f37c26b5e22453877d_no.png]
[assets-global.website-files.com/5f8dd67f8fdd6f51f0b50904/6321cb4fd9e48ce2224e71b3_62cb46f3c504963019c40db7_pl.png]
[assets-global.website-files.com/5f8dd67f8fdd6f51f0b50904/6321cb4d41e0514ceaeb0814_62cb46f3d809bc2503e62bec_pt-BR.png]
[assets-global.website-files.com/5f8dd67f8fdd6f51f0b50904/6321cb4b7b2666d9520e434e_62cb46f36e94d725ce411ab6_ro.png]
[assets-global.website-files.com/5f8dd67f8fdd6f51f0b50904/6321cb5036a202f7044eb402_62cb46f49e6ac47674e39567_sv-SE.png]
[assets-global.website-files.com/5f8dd67f8fdd6f51f0b50904/6321cb502ab71d0c254b8e0c_62cb46f465c529bf26e211a1_th.png]
[assets-global.website-files.com/5f8dd67f8fdd6f51f0b50904/6321cb4f41e0515a89eb082a_62cb46f4e819848178bec4d1_tr.png]
[assets-global.website-files.com/5f8dd67f8fdd6f51f0b50904/6321cb4f36a20273d04eb401_62cb46f37c26b54f6a53877f_uk.png]
[assets-global.website-files.com/5f8dd67f8fdd6f51f0b50904/6321cb4f00801f3750f4834e_62cb46f4e819840d89bec4d2_vi.png]
[assets-global.website-files.com/5f8dd67f8fdd6f51f0b50904/6321cb5010e73af938ef607e_62cb46f49e6ac45f35e39568_zh-CN.png]
[assets-global.website-files.com/5f8dd67f8fdd6f51f0b50904/6321cb4fd354ea61ac8db41c_62cb46f33fcb6ea5c95b5069_zh-TW.png]
[discord.com/blog/rss.xml]
[discord.com/category/community.html]
[discord.com/category/company.html]
[discord.com/category/engineering.html]
[discord.com/category/how-to-discord.html]
[discord.com/category/safety.html]
[discord.com/category/product.html]
[discord.com/blog-featured.html]
[discord.com/blog/join-discord-calls-directly-from-ps5-no-phone-needed.html]
[assets-global.website-files.com/5f9072399b2640f14d6a2bf4/666788d74e610cffdd4e4808_image1.jpg]
[discord.com/blog/discord-patch-notes-july-1-2024.html]
[assets-global.website-files.com/5f9072399b2640f14d6a2bf4/6657ad0a58988c5decbfbc53_Header_3.png]
[discord.com/blog/junes-staff-picks-summertime-game-time.html]
[assets-global.website-files.com/5f9072399b2640f14d6a2bf4/667de7d249d5dab99b859973_image4.jpg]
[discord.com/blog/discord-app-pitches-2024-category-winners.html]
[assets-global.website-files.com/5f9072399b2640f14d6a2bf4/667ca990841c88f9a0902de7_Blog Header.png]
[discord.com/blog/how-discord-celebrated-pride-month-2024.html]
[assets-global.website-files.com/5f9072399b2640f14d6a2bf4/6679e60a07cf401e64a77e4a_image2.png]
[discord.com/blog/discord-update-june-20-2024-changelog.html]
[assets-global.website-files.com/5f9072399b2640f14d6a2bf4/6494b1e02e40699d67a766e6_Summer_June.png]
[discord.com/blog/how-to-talk-with-friends-in-crossplay-games-using-discord.html]
[assets-global.website-files.com/5f9072399b2640f14d6a2bf4/64f8ce1927fcd30fdfe80a56_23_117_Xbox_Social_1800x720.png]
[discord.com/blog/how-to-share-the-latest-nitro-perks-with-your-friends.html]
[assets-global.website-files.com/5f9072399b2640f14d6a2bf4/666cbcfd14d3f28b5309dd93_image5.png]
[assets-global.website-files.com/5f9072399b2640f14d6a2bf4/6660a79090f7f35de8735e0e_image2.png]
[discord.com/blog/feast-your-moniteyes-on-todays-exciting-developer-updates.html]
[discord.com/blog/how-discord-celebrated-aanhpi-heritage-month-2024.html]
[assets-global.website-files.com/5f9072399b2640f14d6a2bf4/6657976bfcd435fd055433a9_image5.png]
[discord.com/blog/how-hero-journey-club-uses-games-for-mental-health-care-and-connection.html]
[assets-global.website-files.com/5f9072399b2640f14d6a2bf4/6481133ca04838343a0676a5_BackupBlogHeaders_Batch2Artboard 2.png]
[discord.com/blog/pubg-quest.html]
[assets-global.website-files.com/5f9072399b2640f14d6a2bf4/663e9aa1756e3a52349b8ca7_IMG_2721.png]
[discord.com/blog/holiday-gift-guide-2023.html]
[assets-global.website-files.com/5f9072399b2640f14d6a2bf4/656faedde0f5be0412e2e421_DIS Gifting Moment Blog Banner.png]
[discord.com/blog/complete-your-look-in-the-shop-now-open-to-all.html]
[assets-global.website-files.com/5f9072399b2640f14d6a2bf4/65650a4e1469447afe380df2_DIS_Shop-for-all_Blog-header_V1.png]
[discord.com/blog/mays-staff-picks-what-discord-plays-as-summer-approaches.html]
[assets-global.website-files.com/5f9072399b2640f14d6a2bf4/6658e5984dff92485c43d488_image12.png]
[discord.com/blog/discords-next-chapter.html]
[assets-global.website-files.com/5f9072399b2640f14d6a2bf4/66563de88aaf49293d6e0d83_Discord Header w_ Characters.png]
[discord.com/blog/9th-birthday-handmade-prizes-showcase.html]
[assets-global.website-files.com/5f9072399b2640f14d6a2bf4/663e7c9e29cbaa713949a447_BDAY_BlogBanner.png]
[discord.com/safety/important-policy-updates.html]
[assets-global.website-files.com/5f9072399b2640f14d6a2bf4/61ea03c5f329550592ff06cd_Policy Updates Blog.png]
[discord.com/blog/evolving-our-safety-architecture-for-the-digital-services-act.html]
[assets-global.website-files.com/5f9072399b2640f14d6a2bf4/638a71cfbd7fbf6236a8ba0a_Policy & Safety - 2.png]
[discord.com/blog/supporting-youth-mental-health-discords-partnership-with-crisis-text-line.html]
[assets-global.website-files.com/5f9072399b2640f14d6a2bf4/611ea7e9e45389f284ccee47_1_OXDxh25oIISR39QB2za82Q.png]
[discord.com/blog/gen-z-mental-health-empowering-conversation-in-an-uncertain-world.html]
[assets-global.website-files.com/5f9072399b2640f14d6a2bf4/651dd80a164bf193189d7891_BackupBlogHeaders_Batch2Artboard 4.png]
[discord.com/blog/from-blocky-to-brilliant-improving-video-quality-on-discord-go-live-on-amd-gpus.html]
[assets-global.website-files.com/5f9072399b2640f14d6a2bf4/6631551c895bc91d1b753bc5_image1.png]
[discord.com/blog/developing-rapidly-with-generative-ai.html]
[assets-global.website-files.com/5f9072399b2640f14d6a2bf4/66107dc6c4e701c49567aef3_Products__Features_-_1.png]
[discord.com/blog/access-a-new-portal-for-managing-internal-authorization.html]
[assets-global.website-files.com/5f9072399b2640f14d6a2bf4/660343140d8853def4fe54ca_Policy__Safety_-_8_Shield.png]
[d3e54v103j8qbb.cloudfront.net/js/jquery-3.5.1.min.dc5e7f18c84fb4.js]
[assets-global.website-files.com/5f8dd67f8fdd6f51f0b50904/js/discordpages.7ef078677.js]
[discord.com/blog.html]
[discord.com/channels/@me.html]
[discord.com/discord-recruitment-scams.html]
[discord.com/blog/what-its-like-to-be-a-discord-intern.html]
[discord.com/blog/the-seven-principles-of-working-at-discord.html]
[discord.com/careers.html]
[discord.com/webflow-scripts/careers.js]
[cdn.prod.website-files.com/625fe439fb70a9d901e138ab/648c1a09c6a80c200fa95349_628c05f2e63f068e62b96336_Discord Author Black.png]
[cdn.prod.website-files.com/625fe439fb70a9d901e138ab/650bf8166847525facbcf91c_two-factor authentication (2FA).png]
[cdn.prod.website-files.com/625fe439fb70a9d901e138ab/650bf8b8ae6a866d4b678909_Friend request settings.png]
[cdn.prod.website-files.com/625fe439fb70a9d901e138ab/650bf8eb3d24a43c5f99461f_How to block a user.png]
[cdn.prod.website-files.com/625fe439fb70a9d901e138ab/6536f7714ba429a191b73f49_Discord_Policy-Hub-Platform Integrity-Banner.png]
[cdn.prod.website-files.com/625fe439fb70a9d901e138ab/667da74471550314b94a9acf_Platform_Integrity.png]
[discord.com/safety/360043857751-four-steps-to-a-super-safe-account.html]
[cdn.prod.website-files.com/625fe439fb70a9d901e138ab/6537fa59a5c7e1eefb7c5164_sEvo_I-YMDHcOlqCzFvVKZ-4PeNDgjGC6WMyXen0cPksaNdeUxQb9HmYRBWTBTKCtQA-Jvr7ryB_kn6bCyr-yAG0RCgPRod-Q1toLbEbm_J-5KyLeZ5AlSDdxZHMKzZse7rhdbAD]
[cdn.prod.website-files.com/625fe439fb70a9d901e138ab/650bfc5417ee9d5c3deeddb7_verification level.png]
[cdn.prod.website-files.com/625fe439fb70a9d901e138ab/627ce5039db8883029cb7f99_mceclip1.png]
[discord.com/safety/360043653552-Age-Restricted-Content-on-Discord-2.html]
[cdn.prod.website-files.com/625fe439fb70a9d901e138ab/644951624083ebbef6d9d5aa_Screen_Shot_2023-03-24_at_2.08.13_PM.png]
[cdn.prod.website-files.com/625fe439fb70a9d901e138ab/64997dd2013d863c5c3b1d3d_6116bb551d28102630f9f17f_0_kF2QnaoPP31T5pxj.png]
[cdn.prod.website-files.com/625fe439fb70a9d901e138ab/65aefb7c4a61cda70c87a059_02_112023_discord_delivery_cycle1_1Website.png]
[discord.com/safety/360043653152-four-steps-to-a-super-safe-server.html]
[cdn.prod.website-files.com/625fe439fb70a9d901e138ab/6318a849d1bc6320d4a2f3a7_Policy__Safety_-_4.png]
[discord.com/safety/360044103531-role-of-administrators-and-moderators-on-discord.html]
[cdn.prod.website-files.com/625fe439fb70a9d901e138ab/641c9b192c20c42ed1052f55_Report Message Prompt-3.png]
[discord.com/safety/360043857751-Four-steps-to-a-super-safe-account-2.html]
[cdn.prod.website-files.com/625fe439fb70a9d901e138ab/651c76e94e729106e2024f70_reporting-elements-discord.png]
[cdn.prod.website-files.com/625fe439fb70a9d901e138ab/651c76ff296c2c8430535875_select-report-type-discord.png]
[discord.com/report.html]
[cdn.prod.website-files.com/625fe439fb70a9d901e138ab/65cfa5e2d9bfb8e1cd354933_UmWkCaISN1Jq-ECrsobmojP1EO98H7O9Rqxb5F_RfglLELtmf4Bq18b4bTYsqrtWhiutu0-2LEk2ZKtbIWzxL2wyo2R84vkV2C4K9aIi-qAOIzk9uo6IbJ_C33mNKQGt484XoQDO]
[cdn.prod.website-files.com/625fe439fb70a9d901e138ab/6602075e5336c4ad7a998832_c_113023_discord_08_sketch_Site_post_v3.jpg]
[cdn.prod.website-files.com/625fe439fb70a9d901e138ab/6536ef4ad1a85275ad208694_Discord-Policy-Hub-Safety-Banner-5.png]
[discord.com/safety/360044103651-reporting-abusive-behavior-to-discord.html]
[cdn.prod.website-files.com/625fe439fb70a9d901e138ab/65cfa5e27bc9b54b99d2f80a__6UYWRc--mn2nhL8UIZmMFscWDCCgwle3n9D8JrUJrRILvmowhjhtAFIPgL9rxh6rESwqbsZeMyeDLtCXwsfxdpLsKZusUh0qs2CguBjFmORRxgqq7QccgyYlz-dJ2eimJR-oXDP]
[cdn.prod.website-files.com/625fe439fb70a9d901e138ab/65cfa5e2bc1788a86dd70aae_r437HtduE3Fplo0xB2V4gk79PgvPVuKg8cVuuwi4RvFrwWKo0ZTbP_TwSSW3DEQ9PNmUe8EfzPHynnl6HQqW2Lwul_mE-HTr4bwrL0rp-WpPruMNNWhCSHx7XwAp9ZSPG8zPCFLi]
[discord.com/safety/360044103771-Mental-health-on-Discord-2.html]
[cdn.prod.website-files.com/625fe439fb70a9d901e138ab/653701b4d9daff54305e0dcf_Discord-Policy-Hub-Header-0.png]
[cdn.prod.website-files.com/625fe439fb70a9d901e138ab/653700c8ad3faf4277003a8a_Discord-Policy-Hub-Safety-Banner-1.png]
[discord.com/safety/360044103771-mental-health-on-discord.html]
[cdn.prod.website-files.com/625fe439fb70a9d901e138ab/650c0047c652f7e6a34a3c3f_age-restricted.png]
[cdn.prod.website-files.com/625fe439fb70a9d901e138ab/650c0094ac9d210bf98e4bb0_age-restricted-channel.png]
[cdn.prod.website-files.com/625fe439fb70a9d901e138ab/6536ed9d4ba47d1f3276a8d9_Discord-Policy-Hub-Safety-Banner-2.png]
[discord.com/safety/360043653552-age-restricted-content-on-discord.html]
[cdn.prod.website-files.com/625fe439fb70a9d901e138ab/6318b4827536080c0c2e9784_Policy__Safety_-_8_Shield.png]
[cdn.prod.website-files.com/625fe439fb70a9d901e138ab/649a722d2922c16b17fef295_6402942dbef5384072addc0d_BackupBlogHeaders_Batch2Artboard 7.png]
[discord.com/safety/360044104071-tips-against-spam-and-hacking.html]
[cdn.prod.website-files.com/625fe439fb70a9d901e138ab/650c0406ebc263099fd19bf2_What is Discord.png]
[cdn.prod.website-files.com/625fe439fb70a9d901e138ab/65bd3dff8e28d59492d61bd0_TeenCharterBanner.png]
[cdn.prod.website-files.com/625fe439fb70a9d901e138ab/650a164de90cff465e89bafc_Tarot_SafetyBlogBanner.png]
[discord.com/safety/360044149331-what-is-discord.html]
[discord.com/safety/how-trust-safety-addresses-violent-extremism-on-discord.html]
[discord.com/safety-transparency-reports/2022-q4.html]
[discord.com/blog/new-anti-spam-raid-automod-safety-update.html]
[discord.com/safety/360044157931-Working-with-law-enforcement-2.html]
[cdn.prod.website-files.com/625fe439fb70a9d901e138ab/6537001fd9daff54305c561b_Discord-Policy-Hub-Safety-Banner-3.png]
[discord.com/safety/360043700632-discords-commitment-to-a-safe-and-trusted-experience.html]
[cdn.prod.website-files.com/625fe439fb70a9d901e138ab/6627e1ebfe364a59df81d2ed_c_113023_discord_05_sketch_Site_post_v3.jpg]
[discord.com/safety/360044153831-helping-your-teen-stay-safe-on-discord.html]
[cdn.prod.website-files.com/625fe439fb70a9d901e138ab/6318a916bcbd4aa71e6a6935_Policy__Safety_-_1.png]
[discord.com/safety/360044154611-talking-about-online-safety-with-your-teen.html]
[discord.com/safety/360044149591-answering-parents-and-educators-top-questions.html]
[discord.com/safety/360044153831-Helping-your-teen-stay-safe-on-Discord-2.html]
[discord.com/safety/360044154771-if-your-teen-encounters-an-issue.html]
[cdn.prod.website-files.com/625fe439fb70a9d901e138ab/6536f13917b370e2b9cb2618_Discord-Policy-Hub-Regulated Activities-Header.png]
[discord.com/safety/360057166133-working-with-caru-to-protect-users-on-discord.html]
[discord.com/safety/360043709612-our-policies.html]
[discord.com/blog/automod-launch-automatic-community-moderation.html]
[cdn.prod.website-files.com/625fe439fb70a9d901e138ab/65ef67d61f99530a881bdf66_image1.png]
[discord.com/safety/360043712132-how-we-investigate.html]
[cdn.prod.website-files.com/625fe439fb70a9d901e138ab/6536b79d1344fe92a5e86f38_Safety+Privacy_Banner_01.png]
[discord.com/safety/360044159011-what-actions-we-take.html]
[discord.com/safety/360043712172-how-you-can-appeal-our-actions.html]
[cdn.prod.website-files.com/625fe439fb70a9d901e138ab/65cfa44d8060d2df213d3f2c_q6Hp6P2HcPsgin4Rk0gGo95xB3rbMEOKOTMai6tgeiNFyO2yll8xpnkX1GCnWQoWJp6CcYQW56OahO4caiQsXjHCTuI5t0pEyBoPaoanDlJ-UveDbWWFSwJ5U9KUmgBgCSH9X6LF]
[cdn.prod.website-files.com/625fe439fb70a9d901e138ab/65cfa44d2bc986d09364c0f4_w-Yg_lDrBGZGqRXt2mw4NII4cztIVAoLTxhwycAMuxIsbdXnNut4V97FpiXtQeeGpzyN9T3dCXLVmFzyYu3cJz3wZk4i1xbF4Me34QVzhLY-ahxZ4e9RV5Eh5OAW41TPAgw9qUYr]
[discord.com/tags/transparency-reports.html]
[cdn.prod.website-files.com/625fe439fb70a9d901e138ab/6536e77de0d374bcf4fe94d4_Discord-Policy-Hub-Safety-Banner-6.png]
[cdn.prod.website-files.com/625fe439fb70a9d901e138ab/64997653934689bd37833fff_618db6b2cf98f2d9aa324a53_image5.png]
[discord.com/safety/360043712232-discords-transparency-report.html]
[discord.com/blog/usernames.html]
[discord.com/safety/360044149331-What-is-Discord-2.html]
[cdn.prod.website-files.com/625fe439fb70a9d901e138ab/65721cbb63480fbc0a5bdb95_SafetyBanner6.png]
[discord.com/safety/360044157931-working-with-law-enforcement.html]
[cdn.prod.website-files.com/6257adef93867e50d84d30e2/652551c46d30dd5264cfb2b6_safeti-video-bg.png]
[discord.com/safeties-topics/user-safety]
[discord.com/safeties-topics/privacy]
[discord.com/safeties-topics/account-security]
[discord.com/safeties-topics/server-safety]
[discord.com/safeties-topics/parents-and-teens]
[cdn.prod.website-files.com/625fe439fb70a9d901e138ab/6318a869d1bc6357d2a2f42a_Policy__Safety_-_5.png]
[discord.com/safeties-topics/reporting]
[discord.com/safeties-topics/transparency]
[discord.com/safeties-topics/policy]
[cdn.prod.website-files.com/625fe439fb70a9d901e138ab/6318a78795037f32811e5af4_Policy__Safety_-_2.png]
[cdn.prod.website-files.com/625fe439fb70a9d901e138ab/6318a71d75360861962dff30_Policy__Safety_-_7.png]
[cdn.prod.website-files.com/625fe439fb70a9d901e138ab/64af3764ced25ad838454def_Meta-Image-Safety-Library.png]
[cdn.prod.website-files.com/625fe439fb70a9d901e138ab/649980b19dc6ed28e3fa6da5_6116ba8e117cd6d1e5b849f6_0_nZQIpXVa9dfggQ12.png]
[discord.com/safety/common-scams-what-to-look-out-for]
[discord.com/safety-library.html]
[discord.com/community-moderation-safety.html]
[discord.com/community/basic-channel-setup.html]
[discord.com/community/moderator-etiquette-for-your-discord-server.html]
[discord.com/community/your-responsibilities-as-a-discord-moderator-discord.html]
[discord.com/community/permissions-on-discord-discord.html]
[discord.com/community/handling-difficult-scenarios-as-an-admin-discord.html]
[discord.com/community/developing-server-rules.html]
[discord.com/community/ban-appeals.html]
[discord.com/community/utilizing-role-colors.html]
[discord.com/community/best-practices-for-reporting-tools.html]
[discord.com/community/server-information-and-announcement-channels.html]
[discord.com/community/channel-categories-and-names.html]
[discord.com/community/moderator-recruitment.html]
[discord.com/safety/creating-moderation-team-channels.html]
[discord.com/safety/fundamentals-of-family-friendly-servers.html]
[discord.com/safety/securing-your-discord-account.html]
[discord.com/moderation/1500000177981-301-implementing-verification-gates.html]
[discord.com/safety/developing-moderator-guidelines-copy.html]
[discord.com/safety/facilitating-positive-environments.html]
[discord.com/community/moderating-safely-and-securely-discord.html]
[discord.com/safety/managing-moderation-teams.html]
[discord.com/safety/understanding-and-avoiding-moderator-burnout.html]
[discord.com/safety/internal-conflict-resolution.html]
[discord.com/community/how-to-moderate-voice-channels-discord.html]
[discord.com/safety/training-and-onboarding-new-moderators.html]
[discord.com/safety/auto-moderation-in-discord.html]
[discord.com/safety/using-webhooks-and-embeds.html]
[discord.com/safety/using-xp-systems.html]
[discord.com/safety/using-modmail-bots.html]
[discord.com/community/community-engagement.html]
[discord.com/community/fostering-healthy-communities-discord.html]
[discord.com/community/Planning-Community-Events.html]
[discord.com/community/understanding-community-partnerships.html]
[discord.com/community/Understanding-Your-Community-Through-Insights.html]
[discord.com/safety/best-practices-for-moderating-content-creation.html]
[discord.com/safety/transparency-in-moderation.html]
[discord.com/safety/confidentiality-in-moderation.html]
[discord.com/community/moderating-sensitive-topics-discord.html]
[discord.com/safety/considering-mental-health-in-your-community.html]
[discord.com/safety/practicalities-of-moderating-adult-channels.html]
[discord.com/community/managing-exponential-membership-growth-in-your-server-discord.html]
[discord.com/community/ethical-community-growth.html]
[discord.com/community/internationalization-of-a-community.html]
[discord.com/community/community-governance-structures.html]
[discord.com/community/using-insights-to-improve-community-growth-engagement.html]
[discord.com/safety/ban-evasion-and-advanced-harassment.html]
[discord.com/safety/managing-interpersonal-relationships.html]
[discord.com/safety/reddit-x-discord.html]
[discord.com/safety/twitch-x-discord.html]
[discord.com/safety/patreon-x-discord.html]
[discord.com/safety/schools-x-discord.html]
[discord.com/community/bringing-other-communities-to-discord.html]
[discord.com/safety/parasocial-relationships.html]
[discord.com/safety/the-application-of-metaphors-in-moderation.html]
[discord.com/app.html]
[discord.com/login.html]
[discord.com/_https_/cdn.prod.website-files.com/6257adef93867e50d84d30e2/663b271d6f05c8c9e11f8d65_Discord Refresh Sound-MP4-poster-00001.html]
[discord.com/_https_/cdn.prod.website-files.com/6257adef93867e50d84d30e2/665434315cbc60da2d4c9684_Discord_Website_Refresh_Same Room_EN_V2-poster-00001.html]
[discord.com/_https_/cdn.prod.website-files.com/6257adef93867e50d84d30e2/6638c6b04eff56a99c1e2d7d_Discord_Website_Refresh_Hop-In-poster-00001.html]
[discord.com/_https_/cdn.prod.website-files.com/6257adef93867e50d84d30e2/6638c7e8907412911166f683_Discord_Website_Refresh_See Who_s Around-poster-00001.html]
[discord.com/_https_/cdn.prod.website-files.com/6257adef93867e50d84d30e2/66446078b3e738a7c1f85e35_Discord_Website_Refresh_Activities_03-poster-00001.html]
[discord.com/_https_/cdn.prod.website-files.com/6257adef93867e50d84d30e2/6638c8e7cb756886cd8d61af_Discord_Website_Refresh_Platforms-poster-00001.html]
[discord.com/application-directory.html]
[discord.com/mobile.html]
[discord.com/company.html]
[discord.com/branding.html]
[discord.com/newsroom.html]
[discord.com/college.html]
[discord.com/streamkit.html]
[discord.com/creators.html]
[discord.com/community.html]
[discord.com/build.html]
[discord.com/gaming.html]
[discord.com/quests.html]
[discord.com/terms.html]
[discord.com/privacy.html]
[discord.com/guidelines.html]
[discord.com/acknowledgements.html]
